
> social@0.1.0 build
> next build

npm : ΓÜá Warning: Next.js inferred your workspace root, but it may not be correct.
At line:1 char:1
+ npm run build > build_output.log 2>&1 ; cat build_output.log | tail - ...
+ ~~~~~~~~~~~~~~~~~~~~~~~~~~~~~~~~~~~~~
    + CategoryInfo          : NotSpecified:     (ΓÜá Warning: Ne...not be correct.:Str    ing) [], RemoteException
    + FullyQualifiedErrorId : NativeCommand    Error
 
 We detected multiple lockfiles and selected the directory of C:\Users\budha\package-lock.json as the root directory.
 To silence this warning, set `turbopack.root` in your Next.js config, or consider removing one of the lockfiles if it's not needed.
   See https://nextjs.org/docs/app/api-reference/config/next-config-js/turbopack#root-directory for more information.
 Detected additional lockfiles: 
   * C:\Users\budha\Desktop\30 day\social\package-lock.json

Γû▓ Next.js 16.1.6 (Turbopack)
- Environments: .env

  Creating an optimized production build ...
